type octile
height 199
width 198
map
......................................................................................................................................................................................................
......TTTTTTTTTT.TTTTTTTTTT.TTTTTTTTTT.TTTTTTTTTT.TTTTTTTTTT.TTTTTTTTTT.TTTTTTTTTT.TTTTTTTTTT.TTTTTTTTTT.TTTTTTTTTT.TTTTTTTTTT.TTTTTTTTTT.TTTTTTTTTT.TTTTTTTTTT.TTTTTTTTTT.TTTTTTTTTT.TTTTTTTTTT......
......TTTTTTTTTT.TTTTTTTTTT.TTTTTTTTTT.TTTTTTTTTT.TTTTTTTTTT.TTTTTTTTTT.TTTTTTTTTT.TTTTTTTTTT.TTTTTTTTTT.TTTTTTTTTT.TTTTTTTTTT.TTTTTTTTTT.TTTTTTTTTT.TTTTTTTTTT.TTTTTTTTTT.TTTTTTTTTT.TTTTTTTTTT......
......................................................................................................................................................................................................
......TTTTTTTTTT.TTTTTTTTTT.TTTTTTTTTT.TTTTTTTTTT.TTTTTTTTTT.TTTTTTTTTT.TTTTTTTTTT.TTTTTTTTTT.TTTTTTTTTT.TTTTTTTTTT.TTTTTTTTTT.TTTTTTTTTT.TTTTTTTTTT.TTTTTTTTTT.TTTTTTTTTT.TTTTTTTTTT.TTTTTTTTTT......
......TTTTTTTTTT.TTTTTTTTTT.TTTTTTTTTT.TTTTTTTTTT.TTTTTTTTTT.TTTTTTTTTT.TTTTTTTTTT.TTTTTTTTTT.TTTTTTTTTT.TTTTTTTTTT.TTTTTTTTTT.TTTTTTTTTT.TTTTTTTTTT.TTTTTTTTTT.TTTTTTTTTT.TTTTTTTTTT.TTTTTTTTTT......
......................................................................................................................................................................................................
......TTTTTTTTTT.TTTTTTTTTT.TTTTTTTTTT.TTTTTTTTTT.TTTTTTTTTT.TTTTTTTTTT.TTTTTTTTTT.TTTTTTTTTT.TTTTTTTTTT.TTTTTTTTTT.TTTTTTTTTT.TTTTTTTTTT.TTTTTTTTTT.TTTTTTTTTT.TTTTTTTTTT.TTTTTTTTTT.TTTTTTTTTT......
......TTTTTTTTTT.TTTTTTTTTT.TTTTTTTTTT.TTTTTTTTTT.TTTTTTTTTT.TTTTTTTTTT.TTTTTTTTTT.TTTTTTTTTT.TTTTTTTTTT.TTTTTTTTTT.TTTTTTTTTT.TTTTTTTTTT.TTTTTTTTTT.TTTTTTTTTT.TTTTTTTTTT.TTTTTTTTTT.TTTTTTTTTT......
......................................................................................................................................................................................................
......TTTTTTTTTT.TTTTTTTTTT.TTTTTTTTTT.TTTTTTTTTT.TTTTTTTTTT.TTTTTTTTTT.TTTTTTTTTT.TTTTTTTTTT.TTTTTTTTTT.TTTTTTTTTT.TTTTTTTTTT.TTTTTTTTTT.TTTTTTTTTT.TTTTTTTTTT.TTTTTTTTTT.TTTTTTTTTT.TTTTTTTTTT......
......TTTTTTTTTT.TTTTTTTTTT.TTTTTTTTTT.TTTTTTTTTT.TTTTTTTTTT.TTTTTTTTTT.TTTTTTTTTT.TTTTTTTTTT.TTTTTTTTTT.TTTTTTTTTT.TTTTTTTTTT.TTTTTTTTTT.TTTTTTTTTT.TTTTTTTTTT.TTTTTTTTTT.TTTTTTTTTT.TTTTTTTTTT......
......................................................................................................................................................................................................
......TTTTTTTTTT.TTTTTTTTTT.TTTTTTTTTT.TTTTTTTTTT.TTTTTTTTTT.TTTTTTTTTT.TTTTTTTTTT.TTTTTTTTTT.TTTTTTTTTT.TTTTTTTTTT.TTTTTTTTTT.TTTTTTTTTT.TTTTTTTTTT.TTTTTTTTTT.TTTTTTTTTT.TTTTTTTTTT.TTTTTTTTTT......
......TTTTTTTTTT.TTTTTTTTTT.TTTTTTTTTT.TTTTTTTTTT.TTTTTTTTTT.TTTTTTTTTT.TTTTTTTTTT.TTTTTTTTTT.TTTTTTTTTT.TTTTTTTTTT.TTTTTTTTTT.TTTTTTTTTT.TTTTTTTTTT.TTTTTTTTTT.TTTTTTTTTT.TTTTTTTTTT.TTTTTTTTTT......
......................................................................................................................................................................................................
......TTTTTTTTTT.TTTTTTTTTT.TTTTTTTTTT.TTTTTTTTTT.TTTTTTTTTT.TTTTTTTTTT.TTTTTTTTTT.TTTTTTTTTT.TTTTTTTTTT.TTTTTTTTTT.TTTTTTTTTT.TTTTTTTTTT.TTTTTTTTTT.TTTTTTTTTT.TTTTTTTTTT.TTTTTTTTTT.TTTTTTTTTT......
......TTTTTTTTTT.TTTTTTTTTT.TTTTTTTTTT.TTTTTTTTTT.TTTTTTTTTT.TTTTTTTTTT.TTTTTTTTTT.TTTTTTTTTT.TTTTTTTTTT.TTTTTTTTTT.TTTTTTTTTT.TTTTTTTTTT.TTTTTTTTTT.TTTTTTTTTT.TTTTTTTTTT.TTTTTTTTTT.TTTTTTTTTT......
......................................................................................................................................................................................................
......TTTTTTTTTT.TTTTTTTTTT.TTTTTTTTTT.TTTTTTTTTT.TTTTTTTTTT.TTTTTTTTTT.TTTTTTTTTT.TTTTTTTTTT.TTTTTTTTTT.TTTTTTTTTT.TTTTTTTTTT.TTTTTTTTTT.TTTTTTTTTT.TTTTTTTTTT.TTTTTTTTTT.TTTTTTTTTT.TTTTTTTTTT......
......TTTTTTTTTT.TTTTTTTTTT.TTTTTTTTTT.TTTTTTTTTT.TTTTTTTTTT.TTTTTTTTTT.TTTTTTTTTT.TTTTTTTTTT.TTTTTTTTTT.TTTTTTTTTT.TTTTTTTTTT.TTTTTTTTTT.TTTTTTTTTT.TTTTTTTTTT.TTTTTTTTTT.TTTTTTTTTT.TTTTTTTTTT......
......................................................................................................................................................................................................
......TTTTTTTTTT.TTTTTTTTTT.TTTTTTTTTT.TTTTTTTTTT.TTTTTTTTTT.TTTTTTTTTT.TTTTTTTTTT.TTTTTTTTTT.TTTTTTTTTT.TTTTTTTTTT.TTTTTTTTTT.TTTTTTTTTT.TTTTTTTTTT.TTTTTTTTTT.TTTTTTTTTT.TTTTTTTTTT.TTTTTTTTTT......
......TTTTTTTTTT.TTTTTTTTTT.TTTTTTTTTT.TTTTTTTTTT.TTTTTTTTTT.TTTTTTTTTT.TTTTTTTTTT.TTTTTTTTTT.TTTTTTTTTT.TTTTTTTTTT.TTTTTTTTTT.TTTTTTTTTT.TTTTTTTTTT.TTTTTTTTTT.TTTTTTTTTT.TTTTTTTTTT.TTTTTTTTTT......
......................................................................................................................................................................................................
......TTTTTTTTTT.TTTTTTTTTT.TTTTTTTTTT.TTTTTTTTTT.TTTTTTTTTT.TTTTTTTTTT.TTTTTTTTTT.TTTTTTTTTT.TTTTTTTTTT.TTTTTTTTTT.TTTTTTTTTT.TTTTTTTTTT.TTTTTTTTTT.TTTTTTTTTT.TTTTTTTTTT.TTTTTTTTTT.TTTTTTTTTT......
......TTTTTTTTTT.TTTTTTTTTT.TTTTTTTTTT.TTTTTTTTTT.TTTTTTTTTT.TTTTTTTTTT.TTTTTTTTTT.TTTTTTTTTT.TTTTTTTTTT.TTTTTTTTTT.TTTTTTTTTT.TTTTTTTTTT.TTTTTTTTTT.TTTTTTTTTT.TTTTTTTTTT.TTTTTTTTTT.TTTTTTTTTT......
......................................................................................................................................................................................................
......TTTTTTTTTT.TTTTTTTTTT.TTTTTTTTTT.TTTTTTTTTT.TTTTTTTTTT.TTTTTTTTTT.TTTTTTTTTT.TTTTTTTTTT.TTTTTTTTTT.TTTTTTTTTT.TTTTTTTTTT.TTTTTTTTTT.TTTTTTTTTT.TTTTTTTTTT.TTTTTTTTTT.TTTTTTTTTT.TTTTTTTTTT......
......TTTTTTTTTT.TTTTTTTTTT.TTTTTTTTTT.TTTTTTTTTT.TTTTTTTTTT.TTTTTTTTTT.TTTTTTTTTT.TTTTTTTTTT.TTTTTTTTTT.TTTTTTTTTT.TTTTTTTTTT.TTTTTTTTTT.TTTTTTTTTT.TTTTTTTTTT.TTTTTTTTTT.TTTTTTTTTT.TTTTTTTTTT......
......................................................................................................................................................................................................
......TTTTTTTTTT.TTTTTTTTTT.TTTTTTTTTT.TTTTTTTTTT.TTTTTTTTTT.TTTTTTTTTT.TTTTTTTTTT.TTTTTTTTTT.TTTTTTTTTT.TTTTTTTTTT.TTTTTTTTTT.TTTTTTTTTT.TTTTTTTTTT.TTTTTTTTTT.TTTTTTTTTT.TTTTTTTTTT.TTTTTTTTTT......
......TTTTTTTTTT.TTTTTTTTTT.TTTTTTTTTT.TTTTTTTTTT.TTTTTTTTTT.TTTTTTTTTT.TTTTTTTTTT.TTTTTTTTTT.TTTTTTTTTT.TTTTTTTTTT.TTTTTTTTTT.TTTTTTTTTT.TTTTTTTTTT.TTTTTTTTTT.TTTTTTTTTT.TTTTTTTTTT.TTTTTTTTTT......
......................................................................................................................................................................................................
......TTTTTTTTTT.TTTTTTTTTT.TTTTTTTTTT.TTTTTTTTTT.TTTTTTTTTT.TTTTTTTTTT.TTTTTTTTTT.TTTTTTTTTT.TTTTTTTTTT.TTTTTTTTTT.TTTTTTTTTT.TTTTTTTTTT.TTTTTTTTTT.TTTTTTTTTT.TTTTTTTTTT.TTTTTTTTTT.TTTTTTTTTT......
......TTTTTTTTTT.TTTTTTTTTT.TTTTTTTTTT.TTTTTTTTTT.TTTTTTTTTT.TTTTTTTTTT.TTTTTTTTTT.TTTTTTTTTT.TTTTTTTTTT.TTTTTTTTTT.TTTTTTTTTT.TTTTTTTTTT.TTTTTTTTTT.TTTTTTTTTT.TTTTTTTTTT.TTTTTTTTTT.TTTTTTTTTT......
......................................................................................................................................................................................................
......TTTTTTTTTT.TTTTTTTTTT.TTTTTTTTTT.TTTTTTTTTT.TTTTTTTTTT.TTTTTTTTTT.TTTTTTTTTT.TTTTTTTTTT.TTTTTTTTTT.TTTTTTTTTT.TTTTTTTTTT.TTTTTTTTTT.TTTTTTTTTT.TTTTTTTTTT.TTTTTTTTTT.TTTTTTTTTT.TTTTTTTTTT......
......TTTTTTTTTT.TTTTTTTTTT.TTTTTTTTTT.TTTTTTTTTT.TTTTTTTTTT.TTTTTTTTTT.TTTTTTTTTT.TTTTTTTTTT.TTTTTTTTTT.TTTTTTTTTT.TTTTTTTTTT.TTTTTTTTTT.TTTTTTTTTT.TTTTTTTTTT.TTTTTTTTTT.TTTTTTTTTT.TTTTTTTTTT......
......................................................................................................................................................................................................
......TTTTTTTTTT.TTTTTTTTTT.TTTTTTTTTT.TTTTTTTTTT.TTTTTTTTTT.TTTTTTTTTT.TTTTTTTTTT.TTTTTTTTTT.TTTTTTTTTT.TTTTTTTTTT.TTTTTTTTTT.TTTTTTTTTT.TTTTTTTTTT.TTTTTTTTTT.TTTTTTTTTT.TTTTTTTTTT.TTTTTTTTTT......
......TTTTTTTTTT.TTTTTTTTTT.TTTTTTTTTT.TTTTTTTTTT.TTTTTTTTTT.TTTTTTTTTT.TTTTTTTTTT.TTTTTTTTTT.TTTTTTTTTT.TTTTTTTTTT.TTTTTTTTTT.TTTTTTTTTT.TTTTTTTTTT.TTTTTTTTTT.TTTTTTTTTT.TTTTTTTTTT.TTTTTTTTTT......
......................................................................................................................................................................................................
......TTTTTTTTTT.TTTTTTTTTT.TTTTTTTTTT.TTTTTTTTTT.TTTTTTTTTT.TTTTTTTTTT.TTTTTTTTTT.TTTTTTTTTT.TTTTTTTTTT.TTTTTTTTTT.TTTTTTTTTT.TTTTTTTTTT.TTTTTTTTTT.TTTTTTTTTT.TTTTTTTTTT.TTTTTTTTTT.TTTTTTTTTT......
......TTTTTTTTTT.TTTTTTTTTT.TTTTTTTTTT.TTTTTTTTTT.TTTTTTTTTT.TTTTTTTTTT.TTTTTTTTTT.TTTTTTTTTT.TTTTTTTTTT.TTTTTTTTTT.TTTTTTTTTT.TTTTTTTTTT.TTTTTTTTTT.TTTTTTTTTT.TTTTTTTTTT.TTTTTTTTTT.TTTTTTTTTT......
......................................................................................................................................................................................................
......TTTTTTTTTT.TTTTTTTTTT.TTTTTTTTTT.TTTTTTTTTT.TTTTTTTTTT.TTTTTTTTTT.TTTTTTTTTT.TTTTTTTTTT.TTTTTTTTTT.TTTTTTTTTT.TTTTTTTTTT.TTTTTTTTTT.TTTTTTTTTT.TTTTTTTTTT.TTTTTTTTTT.TTTTTTTTTT.TTTTTTTTTT......
......TTTTTTTTTT.TTTTTTTTTT.TTTTTTTTTT.TTTTTTTTTT.TTTTTTTTTT.TTTTTTTTTT.TTTTTTTTTT.TTTTTTTTTT.TTTTTTTTTT.TTTTTTTTTT.TTTTTTTTTT.TTTTTTTTTT.TTTTTTTTTT.TTTTTTTTTT.TTTTTTTTTT.TTTTTTTTTT.TTTTTTTTTT......
......................................................................................................................................................................................................
......TTTTTTTTTT.TTTTTTTTTT.TTTTTTTTTT.TTTTTTTTTT.TTTTTTTTTT.TTTTTTTTTT.TTTTTTTTTT.TTTTTTTTTT.TTTTTTTTTT.TTTTTTTTTT.TTTTTTTTTT.TTTTTTTTTT.TTTTTTTTTT.TTTTTTTTTT.TTTTTTTTTT.TTTTTTTTTT.TTTTTTTTTT......
......TTTTTTTTTT.TTTTTTTTTT.TTTTTTTTTT.TTTTTTTTTT.TTTTTTTTTT.TTTTTTTTTT.TTTTTTTTTT.TTTTTTTTTT.TTTTTTTTTT.TTTTTTTTTT.TTTTTTTTTT.TTTTTTTTTT.TTTTTTTTTT.TTTTTTTTTT.TTTTTTTTTT.TTTTTTTTTT.TTTTTTTTTT......
......................................................................................................................................................................................................
......TTTTTTTTTT.TTTTTTTTTT.TTTTTTTTTT.TTTTTTTTTT.TTTTTTTTTT.TTTTTTTTTT.TTTTTTTTTT.TTTTTTTTTT.TTTTTTTTTT.TTTTTTTTTT.TTTTTTTTTT.TTTTTTTTTT.TTTTTTTTTT.TTTTTTTTTT.TTTTTTTTTT.TTTTTTTTTT.TTTTTTTTTT......
......TTTTTTTTTT.TTTTTTTTTT.TTTTTTTTTT.TTTTTTTTTT.TTTTTTTTTT.TTTTTTTTTT.TTTTTTTTTT.TTTTTTTTTT.TTTTTTTTTT.TTTTTTTTTT.TTTTTTTTTT.TTTTTTTTTT.TTTTTTTTTT.TTTTTTTTTT.TTTTTTTTTT.TTTTTTTTTT.TTTTTTTTTT......
......................................................................................................................................................................................................
......TTTTTTTTTT.TTTTTTTTTT.TTTTTTTTTT.TTTTTTTTTT.TTTTTTTTTT.TTTTTTTTTT.TTTTTTTTTT.TTTTTTTTTT.TTTTTTTTTT.TTTTTTTTTT.TTTTTTTTTT.TTTTTTTTTT.TTTTTTTTTT.TTTTTTTTTT.TTTTTTTTTT.TTTTTTTTTT.TTTTTTTTTT......
......TTTTTTTTTT.TTTTTTTTTT.TTTTTTTTTT.TTTTTTTTTT.TTTTTTTTTT.TTTTTTTTTT.TTTTTTTTTT.TTTTTTTTTT.TTTTTTTTTT.TTTTTTTTTT.TTTTTTTTTT.TTTTTTTTTT.TTTTTTTTTT.TTTTTTTTTT.TTTTTTTTTT.TTTTTTTTTT.TTTTTTTTTT......
......................................................................................................................................................................................................
......TTTTTTTTTT.TTTTTTTTTT.TTTTTTTTTT.TTTTTTTTTT.TTTTTTTTTT.TTTTTTTTTT.TTTTTTTTTT.TTTTTTTTTT.TTTTTTTTTT.TTTTTTTTTT.TTTTTTTTTT.TTTTTTTTTT.TTTTTTTTTT.TTTTTTTTTT.TTTTTTTTTT.TTTTTTTTTT.TTTTTTTTTT......
......TTTTTTTTTT.TTTTTTTTTT.TTTTTTTTTT.TTTTTTTTTT.TTTTTTTTTT.TTTTTTTTTT.TTTTTTTTTT.TTTTTTTTTT.TTTTTTTTTT.TTTTTTTTTT.TTTTTTTTTT.TTTTTTTTTT.TTTTTTTTTT.TTTTTTTTTT.TTTTTTTTTT.TTTTTTTTTT.TTTTTTTTTT......
......................................................................................................................................................................................................
......TTTTTTTTTT.TTTTTTTTTT.TTTTTTTTTT.TTTTTTTTTT.TTTTTTTTTT.TTTTTTTTTT.TTTTTTTTTT.TTTTTTTTTT.TTTTTTTTTT.TTTTTTTTTT.TTTTTTTTTT.TTTTTTTTTT.TTTTTTTTTT.TTTTTTTTTT.TTTTTTTTTT.TTTTTTTTTT.TTTTTTTTTT......
......TTTTTTTTTT.TTTTTTTTTT.TTTTTTTTTT.TTTTTTTTTT.TTTTTTTTTT.TTTTTTTTTT.TTTTTTTTTT.TTTTTTTTTT.TTTTTTTTTT.TTTTTTTTTT.TTTTTTTTTT.TTTTTTTTTT.TTTTTTTTTT.TTTTTTTTTT.TTTTTTTTTT.TTTTTTTTTT.TTTTTTTTTT......
......................................................................................................................................................................................................
......TTTTTTTTTT.TTTTTTTTTT.TTTTTTTTTT.TTTTTTTTTT.TTTTTTTTTT.TTTTTTTTTT.TTTTTTTTTT.TTTTTTTTTT.TTTTTTTTTT.TTTTTTTTTT.TTTTTTTTTT.TTTTTTTTTT.TTTTTTTTTT.TTTTTTTTTT.TTTTTTTTTT.TTTTTTTTTT.TTTTTTTTTT......
......TTTTTTTTTT.TTTTTTTTTT.TTTTTTTTTT.TTTTTTTTTT.TTTTTTTTTT.TTTTTTTTTT.TTTTTTTTTT.TTTTTTTTTT.TTTTTTTTTT.TTTTTTTTTT.TTTTTTTTTT.TTTTTTTTTT.TTTTTTTTTT.TTTTTTTTTT.TTTTTTTTTT.TTTTTTTTTT.TTTTTTTTTT......
......................................................................................................................................................................................................
......TTTTTTTTTT.TTTTTTTTTT.TTTTTTTTTT.TTTTTTTTTT.TTTTTTTTTT.TTTTTTTTTT.TTTTTTTTTT.TTTTTTTTTT.TTTTTTTTTT.TTTTTTTTTT.TTTTTTTTTT.TTTTTTTTTT.TTTTTTTTTT.TTTTTTTTTT.TTTTTTTTTT.TTTTTTTTTT.TTTTTTTTTT......
......TTTTTTTTTT.TTTTTTTTTT.TTTTTTTTTT.TTTTTTTTTT.TTTTTTTTTT.TTTTTTTTTT.TTTTTTTTTT.TTTTTTTTTT.TTTTTTTTTT.TTTTTTTTTT.TTTTTTTTTT.TTTTTTTTTT.TTTTTTTTTT.TTTTTTTTTT.TTTTTTTTTT.TTTTTTTTTT.TTTTTTTTTT......
......................................................................................................................................................................................................
......TTTTTTTTTT.TTTTTTTTTT.TTTTTTTTTT.TTTTTTTTTT.TTTTTTTTTT.TTTTTTTTTT.TTTTTTTTTT.TTTTTTTTTT.TTTTTTTTTT.TTTTTTTTTT.TTTTTTTTTT.TTTTTTTTTT.TTTTTTTTTT.TTTTTTTTTT.TTTTTTTTTT.TTTTTTTTTT.TTTTTTTTTT......
......TTTTTTTTTT.TTTTTTTTTT.TTTTTTTTTT.TTTTTTTTTT.TTTTTTTTTT.TTTTTTTTTT.TTTTTTTTTT.TTTTTTTTTT.TTTTTTTTTT.TTTTTTTTTT.TTTTTTTTTT.TTTTTTTTTT.TTTTTTTTTT.TTTTTTTTTT.TTTTTTTTTT.TTTTTTTTTT.TTTTTTTTTT......
......................................................................................................................................................................................................
......TTTTTTTTTT.TTTTTTTTTT.TTTTTTTTTT.TTTTTTTTTT.TTTTTTTTTT.TTTTTTTTTT.TTTTTTTTTT.TTTTTTTTTT.TTTTTTTTTT.TTTTTTTTTT.TTTTTTTTTT.TTTTTTTTTT.TTTTTTTTTT.TTTTTTTTTT.TTTTTTTTTT.TTTTTTTTTT.TTTTTTTTTT......
......TTTTTTTTTT.TTTTTTTTTT.TTTTTTTTTT.TTTTTTTTTT.TTTTTTTTTT.TTTTTTTTTT.TTTTTTTTTT.TTTTTTTTTT.TTTTTTTTTT.TTTTTTTTTT.TTTTTTTTTT.TTTTTTTTTT.TTTTTTTTTT.TTTTTTTTTT.TTTTTTTTTT.TTTTTTTTTT.TTTTTTTTTT......
......................................................................................................................................................................................................
......TTTTTTTTTT.TTTTTTTTTT.TTTTTTTTTT.TTTTTTTTTT.TTTTTTTTTT.TTTTTTTTTT.TTTTTTTTTT.TTTTTTTTTT.TTTTTTTTTT.TTTTTTTTTT.TTTTTTTTTT.TTTTTTTTTT.TTTTTTTTTT.TTTTTTTTTT.TTTTTTTTTT.TTTTTTTTTT.TTTTTTTTTT......
......TTTTTTTTTT.TTTTTTTTTT.TTTTTTTTTT.TTTTTTTTTT.TTTTTTTTTT.TTTTTTTTTT.TTTTTTTTTT.TTTTTTTTTT.TTTTTTTTTT.TTTTTTTTTT.TTTTTTTTTT.TTTTTTTTTT.TTTTTTTTTT.TTTTTTTTTT.TTTTTTTTTT.TTTTTTTTTT.TTTTTTTTTT......
......................................................................................................................................................................................................
......TTTTTTTTTT.TTTTTTTTTT.TTTTTTTTTT.TTTTTTTTTT.TTTTTTTTTT.TTTTTTTTTT.TTTTTTTTTT.TTTTTTTTTT.TTTTTTTTTT.TTTTTTTTTT.TTTTTTTTTT.TTTTTTTTTT.TTTTTTTTTT.TTTTTTTTTT.TTTTTTTTTT.TTTTTTTTTT.TTTTTTTTTT......
......TTTTTTTTTT.TTTTTTTTTT.TTTTTTTTTT.TTTTTTTTTT.TTTTTTTTTT.TTTTTTTTTT.TTTTTTTTTT.TTTTTTTTTT.TTTTTTTTTT.TTTTTTTTTT.TTTTTTTTTT.TTTTTTTTTT.TTTTTTTTTT.TTTTTTTTTT.TTTTTTTTTT.TTTTTTTTTT.TTTTTTTTTT......
......................................................................................................................................................................................................
......TTTTTTTTTT.TTTTTTTTTT.TTTTTTTTTT.TTTTTTTTTT.TTTTTTTTTT.TTTTTTTTTT.TTTTTTTTTT.TTTTTTTTTT.TTTTTTTTTT.TTTTTTTTTT.TTTTTTTTTT.TTTTTTTTTT.TTTTTTTTTT.TTTTTTTTTT.TTTTTTTTTT.TTTTTTTTTT.TTTTTTTTTT......
......TTTTTTTTTT.TTTTTTTTTT.TTTTTTTTTT.TTTTTTTTTT.TTTTTTTTTT.TTTTTTTTTT.TTTTTTTTTT.TTTTTTTTTT.TTTTTTTTTT.TTTTTTTTTT.TTTTTTTTTT.TTTTTTTTTT.TTTTTTTTTT.TTTTTTTTTT.TTTTTTTTTT.TTTTTTTTTT.TTTTTTTTTT......
......................................................................................................................................................................................................
......TTTTTTTTTT.TTTTTTTTTT.TTTTTTTTTT.TTTTTTTTTT.TTTTTTTTTT.TTTTTTTTTT.TTTTTTTTTT.TTTTTTTTTT.TTTTTTTTTT.TTTTTTTTTT.TTTTTTTTTT.TTTTTTTTTT.TTTTTTTTTT.TTTTTTTTTT.TTTTTTTTTT.TTTTTTTTTT.TTTTTTTTTT......
......TTTTTTTTTT.TTTTTTTTTT.TTTTTTTTTT.TTTTTTTTTT.TTTTTTTTTT.TTTTTTTTTT.TTTTTTTTTT.TTTTTTTTTT.TTTTTTTTTT.TTTTTTTTTT.TTTTTTTTTT.TTTTTTTTTT.TTTTTTTTTT.TTTTTTTTTT.TTTTTTTTTT.TTTTTTTTTT.TTTTTTTTTT......
......................................................................................................................................................................................................
......TTTTTTTTTT.TTTTTTTTTT.TTTTTTTTTT.TTTTTTTTTT.TTTTTTTTTT.TTTTTTTTTT.TTTTTTTTTT.TTTTTTTTTT.TTTTTTTTTT.TTTTTTTTTT.TTTTTTTTTT.TTTTTTTTTT.TTTTTTTTTT.TTTTTTTTTT.TTTTTTTTTT.TTTTTTTTTT.TTTTTTTTTT......
......TTTTTTTTTT.TTTTTTTTTT.TTTTTTTTTT.TTTTTTTTTT.TTTTTTTTTT.TTTTTTTTTT.TTTTTTTTTT.TTTTTTTTTT.TTTTTTTTTT.TTTTTTTTTT.TTTTTTTTTT.TTTTTTTTTT.TTTTTTTTTT.TTTTTTTTTT.TTTTTTTTTT.TTTTTTTTTT.TTTTTTTTTT......
......................................................................................................................................................................................................
......TTTTTTTTTT.TTTTTTTTTT.TTTTTTTTTT.TTTTTTTTTT.TTTTTTTTTT.TTTTTTTTTT.TTTTTTTTTT.TTTTTTTTTT.TTTTTTTTTT.TTTTTTTTTT.TTTTTTTTTT.TTTTTTTTTT.TTTTTTTTTT.TTTTTTTTTT.TTTTTTTTTT.TTTTTTTTTT.TTTTTTTTTT......
......TTTTTTTTTT.TTTTTTTTTT.TTTTTTTTTT.TTTTTTTTTT.TTTTTTTTTT.TTTTTTTTTT.TTTTTTTTTT.TTTTTTTTTT.TTTTTTTTTT.TTTTTTTTTT.TTTTTTTTTT.TTTTTTTTTT.TTTTTTTTTT.TTTTTTTTTT.TTTTTTTTTT.TTTTTTTTTT.TTTTTTTTTT......
......................................................................................................................................................................................................
......TTTTTTTTTT.TTTTTTTTTT.TTTTTTTTTT.TTTTTTTTTT.TTTTTTTTTT.TTTTTTTTTT.TTTTTTTTTT.TTTTTTTTTT.TTTTTTTTTT.TTTTTTTTTT.TTTTTTTTTT.TTTTTTTTTT.TTTTTTTTTT.TTTTTTTTTT.TTTTTTTTTT.TTTTTTTTTT.TTTTTTTTTT......
......TTTTTTTTTT.TTTTTTTTTT.TTTTTTTTTT.TTTTTTTTTT.TTTTTTTTTT.TTTTTTTTTT.TTTTTTTTTT.TTTTTTTTTT.TTTTTTTTTT.TTTTTTTTTT.TTTTTTTTTT.TTTTTTTTTT.TTTTTTTTTT.TTTTTTTTTT.TTTTTTTTTT.TTTTTTTTTT.TTTTTTTTTT......
......................................................................................................................................................................................................
......TTTTTTTTTT.TTTTTTTTTT.TTTTTTTTTT.TTTTTTTTTT.TTTTTTTTTT.TTTTTTTTTT.TTTTTTTTTT.TTTTTTTTTT.TTTTTTTTTT.TTTTTTTTTT.TTTTTTTTTT.TTTTTTTTTT.TTTTTTTTTT.TTTTTTTTTT.TTTTTTTTTT.TTTTTTTTTT.TTTTTTTTTT......
......TTTTTTTTTT.TTTTTTTTTT.TTTTTTTTTT.TTTTTTTTTT.TTTTTTTTTT.TTTTTTTTTT.TTTTTTTTTT.TTTTTTTTTT.TTTTTTTTTT.TTTTTTTTTT.TTTTTTTTTT.TTTTTTTTTT.TTTTTTTTTT.TTTTTTTTTT.TTTTTTTTTT.TTTTTTTTTT.TTTTTTTTTT......
......................................................................................................................................................................................................
......TTTTTTTTTT.TTTTTTTTTT.TTTTTTTTTT.TTTTTTTTTT.TTTTTTTTTT.TTTTTTTTTT.TTTTTTTTTT.TTTTTTTTTT.TTTTTTTTTT.TTTTTTTTTT.TTTTTTTTTT.TTTTTTTTTT.TTTTTTTTTT.TTTTTTTTTT.TTTTTTTTTT.TTTTTTTTTT.TTTTTTTTTT......
......TTTTTTTTTT.TTTTTTTTTT.TTTTTTTTTT.TTTTTTTTTT.TTTTTTTTTT.TTTTTTTTTT.TTTTTTTTTT.TTTTTTTTTT.TTTTTTTTTT.TTTTTTTTTT.TTTTTTTTTT.TTTTTTTTTT.TTTTTTTTTT.TTTTTTTTTT.TTTTTTTTTT.TTTTTTTTTT.TTTTTTTTTT......
......................................................................................................................................................................................................
......TTTTTTTTTT.TTTTTTTTTT.TTTTTTTTTT.TTTTTTTTTT.TTTTTTTTTT.TTTTTTTTTT.TTTTTTTTTT.TTTTTTTTTT.TTTTTTTTTT.TTTTTTTTTT.TTTTTTTTTT.TTTTTTTTTT.TTTTTTTTTT.TTTTTTTTTT.TTTTTTTTTT.TTTTTTTTTT.TTTTTTTTTT......
......TTTTTTTTTT.TTTTTTTTTT.TTTTTTTTTT.TTTTTTTTTT.TTTTTTTTTT.TTTTTTTTTT.TTTTTTTTTT.TTTTTTTTTT.TTTTTTTTTT.TTTTTTTTTT.TTTTTTTTTT.TTTTTTTTTT.TTTTTTTTTT.TTTTTTTTTT.TTTTTTTTTT.TTTTTTTTTT.TTTTTTTTTT......
......................................................................................................................................................................................................
......TTTTTTTTTT.TTTTTTTTTT.TTTTTTTTTT.TTTTTTTTTT.TTTTTTTTTT.TTTTTTTTTT.TTTTTTTTTT.TTTTTTTTTT.TTTTTTTTTT.TTTTTTTTTT.TTTTTTTTTT.TTTTTTTTTT.TTTTTTTTTT.TTTTTTTTTT.TTTTTTTTTT.TTTTTTTTTT.TTTTTTTTTT......
......TTTTTTTTTT.TTTTTTTTTT.TTTTTTTTTT.TTTTTTTTTT.TTTTTTTTTT.TTTTTTTTTT.TTTTTTTTTT.TTTTTTTTTT.TTTTTTTTTT.TTTTTTTTTT.TTTTTTTTTT.TTTTTTTTTT.TTTTTTTTTT.TTTTTTTTTT.TTTTTTTTTT.TTTTTTTTTT.TTTTTTTTTT......
......................................................................................................................................................................................................
......TTTTTTTTTT.TTTTTTTTTT.TTTTTTTTTT.TTTTTTTTTT.TTTTTTTTTT.TTTTTTTTTT.TTTTTTTTTT.TTTTTTTTTT.TTTTTTTTTT.TTTTTTTTTT.TTTTTTTTTT.TTTTTTTTTT.TTTTTTTTTT.TTTTTTTTTT.TTTTTTTTTT.TTTTTTTTTT.TTTTTTTTTT......
......TTTTTTTTTT.TTTTTTTTTT.TTTTTTTTTT.TTTTTTTTTT.TTTTTTTTTT.TTTTTTTTTT.TTTTTTTTTT.TTTTTTTTTT.TTTTTTTTTT.TTTTTTTTTT.TTTTTTTTTT.TTTTTTTTTT.TTTTTTTTTT.TTTTTTTTTT.TTTTTTTTTT.TTTTTTTTTT.TTTTTTTTTT......
......................................................................................................................................................................................................
......TTTTTTTTTT.TTTTTTTTTT.TTTTTTTTTT.TTTTTTTTTT.TTTTTTTTTT.TTTTTTTTTT.TTTTTTTTTT.TTTTTTTTTT.TTTTTTTTTT.TTTTTTTTTT.TTTTTTTTTT.TTTTTTTTTT.TTTTTTTTTT.TTTTTTTTTT.TTTTTTTTTT.TTTTTTTTTT.TTTTTTTTTT......
......TTTTTTTTTT.TTTTTTTTTT.TTTTTTTTTT.TTTTTTTTTT.TTTTTTTTTT.TTTTTTTTTT.TTTTTTTTTT.TTTTTTTTTT.TTTTTTTTTT.TTTTTTTTTT.TTTTTTTTTT.TTTTTTTTTT.TTTTTTTTTT.TTTTTTTTTT.TTTTTTTTTT.TTTTTTTTTT.TTTTTTTTTT......
......................................................................................................................................................................................................
......TTTTTTTTTT.TTTTTTTTTT.TTTTTTTTTT.TTTTTTTTTT.TTTTTTTTTT.TTTTTTTTTT.TTTTTTTTTT.TTTTTTTTTT.TTTTTTTTTT.TTTTTTTTTT.TTTTTTTTTT.TTTTTTTTTT.TTTTTTTTTT.TTTTTTTTTT.TTTTTTTTTT.TTTTTTTTTT.TTTTTTTTTT......
......TTTTTTTTTT.TTTTTTTTTT.TTTTTTTTTT.TTTTTTTTTT.TTTTTTTTTT.TTTTTTTTTT.TTTTTTTTTT.TTTTTTTTTT.TTTTTTTTTT.TTTTTTTTTT.TTTTTTTTTT.TTTTTTTTTT.TTTTTTTTTT.TTTTTTTTTT.TTTTTTTTTT.TTTTTTTTTT.TTTTTTTTTT......
......................................................................................................................................................................................................
......TTTTTTTTTT.TTTTTTTTTT.TTTTTTTTTT.TTTTTTTTTT.TTTTTTTTTT.TTTTTTTTTT.TTTTTTTTTT.TTTTTTTTTT.TTTTTTTTTT.TTTTTTTTTT.TTTTTTTTTT.TTTTTTTTTT.TTTTTTTTTT.TTTTTTTTTT.TTTTTTTTTT.TTTTTTTTTT.TTTTTTTTTT......
......TTTTTTTTTT.TTTTTTTTTT.TTTTTTTTTT.TTTTTTTTTT.TTTTTTTTTT.TTTTTTTTTT.TTTTTTTTTT.TTTTTTTTTT.TTTTTTTTTT.TTTTTTTTTT.TTTTTTTTTT.TTTTTTTTTT.TTTTTTTTTT.TTTTTTTTTT.TTTTTTTTTT.TTTTTTTTTT.TTTTTTTTTT......
......................................................................................................................................................................................................
......TTTTTTTTTT.TTTTTTTTTT.TTTTTTTTTT.TTTTTTTTTT.TTTTTTTTTT.TTTTTTTTTT.TTTTTTTTTT.TTTTTTTTTT.TTTTTTTTTT.TTTTTTTTTT.TTTTTTTTTT.TTTTTTTTTT.TTTTTTTTTT.TTTTTTTTTT.TTTTTTTTTT.TTTTTTTTTT.TTTTTTTTTT......
......TTTTTTTTTT.TTTTTTTTTT.TTTTTTTTTT.TTTTTTTTTT.TTTTTTTTTT.TTTTTTTTTT.TTTTTTTTTT.TTTTTTTTTT.TTTTTTTTTT.TTTTTTTTTT.TTTTTTTTTT.TTTTTTTTTT.TTTTTTTTTT.TTTTTTTTTT.TTTTTTTTTT.TTTTTTTTTT.TTTTTTTTTT......
......................................................................................................................................................................................................
......TTTTTTTTTT.TTTTTTTTTT.TTTTTTTTTT.TTTTTTTTTT.TTTTTTTTTT.TTTTTTTTTT.TTTTTTTTTT.TTTTTTTTTT.TTTTTTTTTT.TTTTTTTTTT.TTTTTTTTTT.TTTTTTTTTT.TTTTTTTTTT.TTTTTTTTTT.TTTTTTTTTT.TTTTTTTTTT.TTTTTTTTTT......
......TTTTTTTTTT.TTTTTTTTTT.TTTTTTTTTT.TTTTTTTTTT.TTTTTTTTTT.TTTTTTTTTT.TTTTTTTTTT.TTTTTTTTTT.TTTTTTTTTT.TTTTTTTTTT.TTTTTTTTTT.TTTTTTTTTT.TTTTTTTTTT.TTTTTTTTTT.TTTTTTTTTT.TTTTTTTTTT.TTTTTTTTTT......
......................................................................................................................................................................................................
......TTTTTTTTTT.TTTTTTTTTT.TTTTTTTTTT.TTTTTTTTTT.TTTTTTTTTT.TTTTTTTTTT.TTTTTTTTTT.TTTTTTTTTT.TTTTTTTTTT.TTTTTTTTTT.TTTTTTTTTT.TTTTTTTTTT.TTTTTTTTTT.TTTTTTTTTT.TTTTTTTTTT.TTTTTTTTTT.TTTTTTTTTT......
......TTTTTTTTTT.TTTTTTTTTT.TTTTTTTTTT.TTTTTTTTTT.TTTTTTTTTT.TTTTTTTTTT.TTTTTTTTTT.TTTTTTTTTT.TTTTTTTTTT.TTTTTTTTTT.TTTTTTTTTT.TTTTTTTTTT.TTTTTTTTTT.TTTTTTTTTT.TTTTTTTTTT.TTTTTTTTTT.TTTTTTTTTT......
......................................................................................................................................................................................................
......TTTTTTTTTT.TTTTTTTTTT.TTTTTTTTTT.TTTTTTTTTT.TTTTTTTTTT.TTTTTTTTTT.TTTTTTTTTT.TTTTTTTTTT.TTTTTTTTTT.TTTTTTTTTT.TTTTTTTTTT.TTTTTTTTTT.TTTTTTTTTT.TTTTTTTTTT.TTTTTTTTTT.TTTTTTTTTT.TTTTTTTTTT......
......TTTTTTTTTT.TTTTTTTTTT.TTTTTTTTTT.TTTTTTTTTT.TTTTTTTTTT.TTTTTTTTTT.TTTTTTTTTT.TTTTTTTTTT.TTTTTTTTTT.TTTTTTTTTT.TTTTTTTTTT.TTTTTTTTTT.TTTTTTTTTT.TTTTTTTTTT.TTTTTTTTTT.TTTTTTTTTT.TTTTTTTTTT......
......................................................................................................................................................................................................
......TTTTTTTTTT.TTTTTTTTTT.TTTTTTTTTT.TTTTTTTTTT.TTTTTTTTTT.TTTTTTTTTT.TTTTTTTTTT.TTTTTTTTTT.TTTTTTTTTT.TTTTTTTTTT.TTTTTTTTTT.TTTTTTTTTT.TTTTTTTTTT.TTTTTTTTTT.TTTTTTTTTT.TTTTTTTTTT.TTTTTTTTTT......
......TTTTTTTTTT.TTTTTTTTTT.TTTTTTTTTT.TTTTTTTTTT.TTTTTTTTTT.TTTTTTTTTT.TTTTTTTTTT.TTTTTTTTTT.TTTTTTTTTT.TTTTTTTTTT.TTTTTTTTTT.TTTTTTTTTT.TTTTTTTTTT.TTTTTTTTTT.TTTTTTTTTT.TTTTTTTTTT.TTTTTTTTTT......
......................................................................................................................................................................................................
......TTTTTTTTTT.TTTTTTTTTT.TTTTTTTTTT.TTTTTTTTTT.TTTTTTTTTT.TTTTTTTTTT.TTTTTTTTTT.TTTTTTTTTT.TTTTTTTTTT.TTTTTTTTTT.TTTTTTTTTT.TTTTTTTTTT.TTTTTTTTTT.TTTTTTTTTT.TTTTTTTTTT.TTTTTTTTTT.TTTTTTTTTT......
......TTTTTTTTTT.TTTTTTTTTT.TTTTTTTTTT.TTTTTTTTTT.TTTTTTTTTT.TTTTTTTTTT.TTTTTTTTTT.TTTTTTTTTT.TTTTTTTTTT.TTTTTTTTTT.TTTTTTTTTT.TTTTTTTTTT.TTTTTTTTTT.TTTTTTTTTT.TTTTTTTTTT.TTTTTTTTTT.TTTTTTTTTT......
......................................................................................................................................................................................................
......TTTTTTTTTT.TTTTTTTTTT.TTTTTTTTTT.TTTTTTTTTT.TTTTTTTTTT.TTTTTTTTTT.TTTTTTTTTT.TTTTTTTTTT.TTTTTTTTTT.TTTTTTTTTT.TTTTTTTTTT.TTTTTTTTTT.TTTTTTTTTT.TTTTTTTTTT.TTTTTTTTTT.TTTTTTTTTT.TTTTTTTTTT......
......TTTTTTTTTT.TTTTTTTTTT.TTTTTTTTTT.TTTTTTTTTT.TTTTTTTTTT.TTTTTTTTTT.TTTTTTTTTT.TTTTTTTTTT.TTTTTTTTTT.TTTTTTTTTT.TTTTTTTTTT.TTTTTTTTTT.TTTTTTTTTT.TTTTTTTTTT.TTTTTTTTTT.TTTTTTTTTT.TTTTTTTTTT......
......................................................................................................................................................................................................
......TTTTTTTTTT.TTTTTTTTTT.TTTTTTTTTT.TTTTTTTTTT.TTTTTTTTTT.TTTTTTTTTT.TTTTTTTTTT.TTTTTTTTTT.TTTTTTTTTT.TTTTTTTTTT.TTTTTTTTTT.TTTTTTTTTT.TTTTTTTTTT.TTTTTTTTTT.TTTTTTTTTT.TTTTTTTTTT.TTTTTTTTTT......
......TTTTTTTTTT.TTTTTTTTTT.TTTTTTTTTT.TTTTTTTTTT.TTTTTTTTTT.TTTTTTTTTT.TTTTTTTTTT.TTTTTTTTTT.TTTTTTTTTT.TTTTTTTTTT.TTTTTTTTTT.TTTTTTTTTT.TTTTTTTTTT.TTTTTTTTTT.TTTTTTTTTT.TTTTTTTTTT.TTTTTTTTTT......
......................................................................................................................................................................................................
......TTTTTTTTTT.TTTTTTTTTT.TTTTTTTTTT.TTTTTTTTTT.TTTTTTTTTT.TTTTTTTTTT.TTTTTTTTTT.TTTTTTTTTT.TTTTTTTTTT.TTTTTTTTTT.TTTTTTTTTT.TTTTTTTTTT.TTTTTTTTTT.TTTTTTTTTT.TTTTTTTTTT.TTTTTTTTTT.TTTTTTTTTT......
......TTTTTTTTTT.TTTTTTTTTT.TTTTTTTTTT.TTTTTTTTTT.TTTTTTTTTT.TTTTTTTTTT.TTTTTTTTTT.TTTTTTTTTT.TTTTTTTTTT.TTTTTTTTTT.TTTTTTTTTT.TTTTTTTTTT.TTTTTTTTTT.TTTTTTTTTT.TTTTTTTTTT.TTTTTTTTTT.TTTTTTTTTT......
......................................................................................................................................................................................................
......TTTTTTTTTT.TTTTTTTTTT.TTTTTTTTTT.TTTTTTTTTT.TTTTTTTTTT.TTTTTTTTTT.TTTTTTTTTT.TTTTTTTTTT.TTTTTTTTTT.TTTTTTTTTT.TTTTTTTTTT.TTTTTTTTTT.TTTTTTTTTT.TTTTTTTTTT.TTTTTTTTTT.TTTTTTTTTT.TTTTTTTTTT......
......TTTTTTTTTT.TTTTTTTTTT.TTTTTTTTTT.TTTTTTTTTT.TTTTTTTTTT.TTTTTTTTTT.TTTTTTTTTT.TTTTTTTTTT.TTTTTTTTTT.TTTTTTTTTT.TTTTTTTTTT.TTTTTTTTTT.TTTTTTTTTT.TTTTTTTTTT.TTTTTTTTTT.TTTTTTTTTT.TTTTTTTTTT......
......................................................................................................................................................................................................
......TTTTTTTTTT.TTTTTTTTTT.TTTTTTTTTT.TTTTTTTTTT.TTTTTTTTTT.TTTTTTTTTT.TTTTTTTTTT.TTTTTTTTTT.TTTTTTTTTT.TTTTTTTTTT.TTTTTTTTTT.TTTTTTTTTT.TTTTTTTTTT.TTTTTTTTTT.TTTTTTTTTT.TTTTTTTTTT.TTTTTTTTTT......
......TTTTTTTTTT.TTTTTTTTTT.TTTTTTTTTT.TTTTTTTTTT.TTTTTTTTTT.TTTTTTTTTT.TTTTTTTTTT.TTTTTTTTTT.TTTTTTTTTT.TTTTTTTTTT.TTTTTTTTTT.TTTTTTTTTT.TTTTTTTTTT.TTTTTTTTTT.TTTTTTTTTT.TTTTTTTTTT.TTTTTTTTTT......
......................................................................................................................................................................................................
......TTTTTTTTTT.TTTTTTTTTT.TTTTTTTTTT.TTTTTTTTTT.TTTTTTTTTT.TTTTTTTTTT.TTTTTTTTTT.TTTTTTTTTT.TTTTTTTTTT.TTTTTTTTTT.TTTTTTTTTT.TTTTTTTTTT.TTTTTTTTTT.TTTTTTTTTT.TTTTTTTTTT.TTTTTTTTTT.TTTTTTTTTT......
......TTTTTTTTTT.TTTTTTTTTT.TTTTTTTTTT.TTTTTTTTTT.TTTTTTTTTT.TTTTTTTTTT.TTTTTTTTTT.TTTTTTTTTT.TTTTTTTTTT.TTTTTTTTTT.TTTTTTTTTT.TTTTTTTTTT.TTTTTTTTTT.TTTTTTTTTT.TTTTTTTTTT.TTTTTTTTTT.TTTTTTTTTT......
......................................................................................................................................................................................................
......TTTTTTTTTT.TTTTTTTTTT.TTTTTTTTTT.TTTTTTTTTT.TTTTTTTTTT.TTTTTTTTTT.TTTTTTTTTT.TTTTTTTTTT.TTTTTTTTTT.TTTTTTTTTT.TTTTTTTTTT.TTTTTTTTTT.TTTTTTTTTT.TTTTTTTTTT.TTTTTTTTTT.TTTTTTTTTT.TTTTTTTTTT......
......TTTTTTTTTT.TTTTTTTTTT.TTTTTTTTTT.TTTTTTTTTT.TTTTTTTTTT.TTTTTTTTTT.TTTTTTTTTT.TTTTTTTTTT.TTTTTTTTTT.TTTTTTTTTT.TTTTTTTTTT.TTTTTTTTTT.TTTTTTTTTT.TTTTTTTTTT.TTTTTTTTTT.TTTTTTTTTT.TTTTTTTTTT......
......................................................................................................................................................................................................
......TTTTTTTTTT.TTTTTTTTTT.TTTTTTTTTT.TTTTTTTTTT.TTTTTTTTTT.TTTTTTTTTT.TTTTTTTTTT.TTTTTTTTTT.TTTTTTTTTT.TTTTTTTTTT.TTTTTTTTTT.TTTTTTTTTT.TTTTTTTTTT.TTTTTTTTTT.TTTTTTTTTT.TTTTTTTTTT.TTTTTTTTTT......
......TTTTTTTTTT.TTTTTTTTTT.TTTTTTTTTT.TTTTTTTTTT.TTTTTTTTTT.TTTTTTTTTT.TTTTTTTTTT.TTTTTTTTTT.TTTTTTTTTT.TTTTTTTTTT.TTTTTTTTTT.TTTTTTTTTT.TTTTTTTTTT.TTTTTTTTTT.TTTTTTTTTT.TTTTTTTTTT.TTTTTTTTTT......
......................................................................................................................................................................................................
......TTTTTTTTTT.TTTTTTTTTT.TTTTTTTTTT.TTTTTTTTTT.TTTTTTTTTT.TTTTTTTTTT.TTTTTTTTTT.TTTTTTTTTT.TTTTTTTTTT.TTTTTTTTTT.TTTTTTTTTT.TTTTTTTTTT.TTTTTTTTTT.TTTTTTTTTT.TTTTTTTTTT.TTTTTTTTTT.TTTTTTTTTT......
......TTTTTTTTTT.TTTTTTTTTT.TTTTTTTTTT.TTTTTTTTTT.TTTTTTTTTT.TTTTTTTTTT.TTTTTTTTTT.TTTTTTTTTT.TTTTTTTTTT.TTTTTTTTTT.TTTTTTTTTT.TTTTTTTTTT.TTTTTTTTTT.TTTTTTTTTT.TTTTTTTTTT.TTTTTTTTTT.TTTTTTTTTT......
......................................................................................................................................................................................................
......TTTTTTTTTT.TTTTTTTTTT.TTTTTTTTTT.TTTTTTTTTT.TTTTTTTTTT.TTTTTTTTTT.TTTTTTTTTT.TTTTTTTTTT.TTTTTTTTTT.TTTTTTTTTT.TTTTTTTTTT.TTTTTTTTTT.TTTTTTTTTT.TTTTTTTTTT.TTTTTTTTTT.TTTTTTTTTT.TTTTTTTTTT......
......TTTTTTTTTT.TTTTTTTTTT.TTTTTTTTTT.TTTTTTTTTT.TTTTTTTTTT.TTTTTTTTTT.TTTTTTTTTT.TTTTTTTTTT.TTTTTTTTTT.TTTTTTTTTT.TTTTTTTTTT.TTTTTTTTTT.TTTTTTTTTT.TTTTTTTTTT.TTTTTTTTTT.TTTTTTTTTT.TTTTTTTTTT......
......................................................................................................................................................................................................
......TTTTTTTTTT.TTTTTTTTTT.TTTTTTTTTT.TTTTTTTTTT.TTTTTTTTTT.TTTTTTTTTT.TTTTTTTTTT.TTTTTTTTTT.TTTTTTTTTT.TTTTTTTTTT.TTTTTTTTTT.TTTTTTTTTT.TTTTTTTTTT.TTTTTTTTTT.TTTTTTTTTT.TTTTTTTTTT.TTTTTTTTTT......
......TTTTTTTTTT.TTTTTTTTTT.TTTTTTTTTT.TTTTTTTTTT.TTTTTTTTTT.TTTTTTTTTT.TTTTTTTTTT.TTTTTTTTTT.TTTTTTTTTT.TTTTTTTTTT.TTTTTTTTTT.TTTTTTTTTT.TTTTTTTTTT.TTTTTTTTTT.TTTTTTTTTT.TTTTTTTTTT.TTTTTTTTTT......
......................................................................................................................................................................................................
......TTTTTTTTTT.TTTTTTTTTT.TTTTTTTTTT.TTTTTTTTTT.TTTTTTTTTT.TTTTTTTTTT.TTTTTTTTTT.TTTTTTTTTT.TTTTTTTTTT.TTTTTTTTTT.TTTTTTTTTT.TTTTTTTTTT.TTTTTTTTTT.TTTTTTTTTT.TTTTTTTTTT.TTTTTTTTTT.TTTTTTTTTT......
......TTTTTTTTTT.TTTTTTTTTT.TTTTTTTTTT.TTTTTTTTTT.TTTTTTTTTT.TTTTTTTTTT.TTTTTTTTTT.TTTTTTTTTT.TTTTTTTTTT.TTTTTTTTTT.TTTTTTTTTT.TTTTTTTTTT.TTTTTTTTTT.TTTTTTTTTT.TTTTTTTTTT.TTTTTTTTTT.TTTTTTTTTT......
......................................................................................................................................................................................................
......TTTTTTTTTT.TTTTTTTTTT.TTTTTTTTTT.TTTTTTTTTT.TTTTTTTTTT.TTTTTTTTTT.TTTTTTTTTT.TTTTTTTTTT.TTTTTTTTTT.TTTTTTTTTT.TTTTTTTTTT.TTTTTTTTTT.TTTTTTTTTT.TTTTTTTTTT.TTTTTTTTTT.TTTTTTTTTT.TTTTTTTTTT......
......TTTTTTTTTT.TTTTTTTTTT.TTTTTTTTTT.TTTTTTTTTT.TTTTTTTTTT.TTTTTTTTTT.TTTTTTTTTT.TTTTTTTTTT.TTTTTTTTTT.TTTTTTTTTT.TTTTTTTTTT.TTTTTTTTTT.TTTTTTTTTT.TTTTTTTTTT.TTTTTTTTTT.TTTTTTTTTT.TTTTTTTTTT......
......................................................................................................................................................................................................
......TTTTTTTTTT.TTTTTTTTTT.TTTTTTTTTT.TTTTTTTTTT.TTTTTTTTTT.TTTTTTTTTT.TTTTTTTTTT.TTTTTTTTTT.TTTTTTTTTT.TTTTTTTTTT.TTTTTTTTTT.TTTTTTTTTT.TTTTTTTTTT.TTTTTTTTTT.TTTTTTTTTT.TTTTTTTTTT.TTTTTTTTTT......
......TTTTTTTTTT.TTTTTTTTTT.TTTTTTTTTT.TTTTTTTTTT.TTTTTTTTTT.TTTTTTTTTT.TTTTTTTTTT.TTTTTTTTTT.TTTTTTTTTT.TTTTTTTTTT.TTTTTTTTTT.TTTTTTTTTT.TTTTTTTTTT.TTTTTTTTTT.TTTTTTTTTT.TTTTTTTTTT.TTTTTTTTTT......
......................................................................................................................................................................................................
......TTTTTTTTTT.TTTTTTTTTT.TTTTTTTTTT.TTTTTTTTTT.TTTTTTTTTT.TTTTTTTTTT.TTTTTTTTTT.TTTTTTTTTT.TTTTTTTTTT.TTTTTTTTTT.TTTTTTTTTT.TTTTTTTTTT.TTTTTTTTTT.TTTTTTTTTT.TTTTTTTTTT.TTTTTTTTTT.TTTTTTTTTT......
......TTTTTTTTTT.TTTTTTTTTT.TTTTTTTTTT.TTTTTTTTTT.TTTTTTTTTT.TTTTTTTTTT.TTTTTTTTTT.TTTTTTTTTT.TTTTTTTTTT.TTTTTTTTTT.TTTTTTTTTT.TTTTTTTTTT.TTTTTTTTTT.TTTTTTTTTT.TTTTTTTTTT.TTTTTTTTTT.TTTTTTTTTT......
......................................................................................................................................................................................................
......TTTTTTTTTT.TTTTTTTTTT.TTTTTTTTTT.TTTTTTTTTT.TTTTTTTTTT.TTTTTTTTTT.TTTTTTTTTT.TTTTTTTTTT.TTTTTTTTTT.TTTTTTTTTT.TTTTTTTTTT.TTTTTTTTTT.TTTTTTTTTT.TTTTTTTTTT.TTTTTTTTTT.TTTTTTTTTT.TTTTTTTTTT......
......TTTTTTTTTT.TTTTTTTTTT.TTTTTTTTTT.TTTTTTTTTT.TTTTTTTTTT.TTTTTTTTTT.TTTTTTTTTT.TTTTTTTTTT.TTTTTTTTTT.TTTTTTTTTT.TTTTTTTTTT.TTTTTTTTTT.TTTTTTTTTT.TTTTTTTTTT.TTTTTTTTTT.TTTTTTTTTT.TTTTTTTTTT......
......................................................................................................................................................................................................
......TTTTTTTTTT.TTTTTTTTTT.TTTTTTTTTT.TTTTTTTTTT.TTTTTTTTTT.TTTTTTTTTT.TTTTTTTTTT.TTTTTTTTTT.TTTTTTTTTT.TTTTTTTTTT.TTTTTTTTTT.TTTTTTTTTT.TTTTTTTTTT.TTTTTTTTTT.TTTTTTTTTT.TTTTTTTTTT.TTTTTTTTTT......
......TTTTTTTTTT.TTTTTTTTTT.TTTTTTTTTT.TTTTTTTTTT.TTTTTTTTTT.TTTTTTTTTT.TTTTTTTTTT.TTTTTTTTTT.TTTTTTTTTT.TTTTTTTTTT.TTTTTTTTTT.TTTTTTTTTT.TTTTTTTTTT.TTTTTTTTTT.TTTTTTTTTT.TTTTTTTTTT.TTTTTTTTTT......
......................................................................................................................................................................................................
......TTTTTTTTTT.TTTTTTTTTT.TTTTTTTTTT.TTTTTTTTTT.TTTTTTTTTT.TTTTTTTTTT.TTTTTTTTTT.TTTTTTTTTT.TTTTTTTTTT.TTTTTTTTTT.TTTTTTTTTT.TTTTTTTTTT.TTTTTTTTTT.TTTTTTTTTT.TTTTTTTTTT.TTTTTTTTTT.TTTTTTTTTT......
......TTTTTTTTTT.TTTTTTTTTT.TTTTTTTTTT.TTTTTTTTTT.TTTTTTTTTT.TTTTTTTTTT.TTTTTTTTTT.TTTTTTTTTT.TTTTTTTTTT.TTTTTTTTTT.TTTTTTTTTT.TTTTTTTTTT.TTTTTTTTTT.TTTTTTTTTT.TTTTTTTTTT.TTTTTTTTTT.TTTTTTTTTT......
......................................................................................................................................................................................................
......TTTTTTTTTT.TTTTTTTTTT.TTTTTTTTTT.TTTTTTTTTT.TTTTTTTTTT.TTTTTTTTTT.TTTTTTTTTT.TTTTTTTTTT.TTTTTTTTTT.TTTTTTTTTT.TTTTTTTTTT.TTTTTTTTTT.TTTTTTTTTT.TTTTTTTTTT.TTTTTTTTTT.TTTTTTTTTT.TTTTTTTTTT......
......TTTTTTTTTT.TTTTTTTTTT.TTTTTTTTTT.TTTTTTTTTT.TTTTTTTTTT.TTTTTTTTTT.TTTTTTTTTT.TTTTTTTTTT.TTTTTTTTTT.TTTTTTTTTT.TTTTTTTTTT.TTTTTTTTTT.TTTTTTTTTT.TTTTTTTTTT.TTTTTTTTTT.TTTTTTTTTT.TTTTTTTTTT......
......................................................................................................................................................................................................
......TTTTTTTTTT.TTTTTTTTTT.TTTTTTTTTT.TTTTTTTTTT.TTTTTTTTTT.TTTTTTTTTT.TTTTTTTTTT.TTTTTTTTTT.TTTTTTTTTT.TTTTTTTTTT.TTTTTTTTTT.TTTTTTTTTT.TTTTTTTTTT.TTTTTTTTTT.TTTTTTTTTT.TTTTTTTTTT.TTTTTTTTTT......
......TTTTTTTTTT.TTTTTTTTTT.TTTTTTTTTT.TTTTTTTTTT.TTTTTTTTTT.TTTTTTTTTT.TTTTTTTTTT.TTTTTTTTTT.TTTTTTTTTT.TTTTTTTTTT.TTTTTTTTTT.TTTTTTTTTT.TTTTTTTTTT.TTTTTTTTTT.TTTTTTTTTT.TTTTTTTTTT.TTTTTTTTTT......
......................................................................................................................................................................................................
